{vektor(1,1,"-2"), vektor(1,2,"-1"), vektor(2,1,"4"), vektor(2,2,"4"), vektor(3,1,"-1"), vektor(3,2,"-1"), b(1,1,"1"), b(1,2,"2"), b(2,1,"3"), b(2,2,"4"), b(3,1,"5"), b(3,2,"6"), matrix(1,1,"1"), matrix(1,2,"1"), matrix(1,3,"1"), matrix(2,1,"1"), matrix(2,2,"2"), matrix(2,3,"3"), matrix(3,1,"1"), matrix(3,2,"4"), matrix(3,3,"9")}
