{vektor(1,1,"0"), vektor(2,1,"3"), vektor(3,1,"0"), b(1,"6"), b(2,"15"), matrix(1,1,"1"), matrix(1,2,"2"), matrix(1,3,"3"), matrix(2,1,"4"), matrix(2,2,"5"), matrix(2,3,"6")}
