{vektor(1,1,"-70"), vektor(2,1,"25"), vektor(3,1,"0"), vektor(4,1,"-6"), b(1,"0"), b(2,"1"), b(3,"-4"), matrix(1,1,"2"), matrix(1,2,"8"), matrix(1,3,"10"), matrix(1,4,"10"), matrix(2,1,"1"), matrix(2,2,"5"), matrix(2,3,"2"), matrix(2,4,"9"), matrix(3,1,"-3"), matrix(3,2,"-10"), matrix(3,3,"-21"), matrix(3,4,"-6")}
