{vektor(1,1,"20"), vektor(2,1,"30"), vektor(3,1,"35"), b(1,1,"7"), b(2,1,"12.5"), b(3,1,"16.5"), matrix(1,1,"1"), matrix(1,2,"-0.2"), matrix(1,3,"-0.2"), matrix(2,1,"-0.4"), matrix(2,2,"0.8"), matrix(2,3,"-0.1"), matrix(3,1,"0"), matrix(3,2,"-0.5"), matrix(3,3,"0.9")}
